<html>
<body>
<pre>
<h1>礦ision Build Log</h1>
<h2>Project:</h2>
E:\MyAdd\电子系统设计开发板\5_全国电赛项目（呕心力作）\2005国赛(A)-正弦信号发生器\32版本\程序-正弦信号发生器(STM32版)\STM32\Project\正弦信号发生器.uvproj
Project File Date:  02/26/2014

<h2>Output:</h2>
Load "E:\\MyAdd\\电子系统设计开发板\\5_全国电赛项目（呕心力作）\\2005国赛(A)-正弦信号发生器\\32版本\\程序-正弦信号发生器(STM32版)\\STM32\\Project\\Obj\\正弦信号发生器.AXF" 
_____^
*** error 56: cannot open file
Rebuild target '正弦信号发生器'
compiling main.c...
compiling stm32f10x_it.c...
compiling Key_4_4.c...
..\User\Key_4_4.c(178): warning:  #111-D: statement is unreachable
..\User\Key_4_4.c(179): warning:  #111-D: statement is unreachable
..\User\Key_4_4.c(180): warning:  #111-D: statement is unreachable
..\User\Key_4_4.c(181): warning:  #111-D: statement is unreachable
..\User\Key_4_4.c(182): warning:  #111-D: statement is unreachable
..\User\Key_4_4.c(183): warning:  #111-D: statement is unreachable
..\User\Key_4_4.c(184): warning:  #111-D: statement is unreachable
..\User\Key_4_4.c(185): warning:  #111-D: statement is unreachable
..\User\Key_4_4.c(186): warning:  #111-D: statement is unreachable
..\User\Key_4_4.c(187): warning:  #111-D: statement is unreachable
..\User\Key_4_4.c(188): warning:  #111-D: statement is unreachable
..\User\Key_4_4.c(189): warning:  #111-D: statement is unreachable
..\User\Key_4_4.c(190): warning:  #111-D: statement is unreachable
..\User\Key_4_4.c(191): warning:  #111-D: statement is unreachable
..\User\Key_4_4.c(192): warning:  #111-D: statement is unreachable
..\User\Key_4_4.c(193): warning:  #111-D: statement is unreachable
compiling Delay.c...
compiling Wave.c...
compiling SPFD5408.c...
compiling SPI.c...
compiling PeripheralInit.c...
compiling misc.c...
compiling stm32f10x_rcc.c...
compiling stm32f10x_gpio.c...
compiling stm32f10x_fsmc.c...
compiling core_cm3.c...
compiling system_stm32f10x.c...
assembling startup_stm32f10x_hd.s...
linking...
Program Size: Code=12404 RO-data=336 RW-data=5780 ZI-data=1660  
FromELF: creating hex file...
".\Obj\正弦信号发生器.axf" - 0 Error(s), 16 Warning(s).
Load "E:\\MyAdd\\电子系统设计开发板\\5_全国电赛项目（呕心力作）\\2005国赛(A)-正弦信号发生器\\32版本\\程序-正弦信号发生器(STM32版)\\STM32\\Project\\Obj\\正弦信号发生器.AXF" 
Erase Done.
Programming Done.
Verify OK.
Application running ...
